// Jest Snapshot v1, https://goo.gl/fbAQLP

exports[`App component Snapshot test 1`] = `
Array [
  <header>
    <nav
      className="navbar navbar-expand-lg navbar-light"
    >
      <div
        className="container"
      >
        <span
          className="navbar-brand"
        >
          <img
            alt="Shortly Logo"
            src="logo.svg"
          />
        </span>
        <button
          aria-controls="responsive-navbar-nav"
          aria-label="Toggle navigation"
          className="navbar-toggler collapsed"
          onClick={[Function]}
          type="button"
        >
          <span
            className="navbar-toggler-icon"
          />
        </button>
        <div
          aria-expanded={null}
          className="navbar-collapse collapse"
          id="responsive-navbar-nav"
        >
          <div
            className="align-items-center navbar-nav"
            onKeyDown={[Function]}
          >
            <a
              className="nav-link"
              data-rr-ui-event-key={null}
              href="#"
              onClick={[Function]}
              onKeyDown={[Function]}
              role="button"
              tabIndex={0}
            >
              Features
            </a>
            <a
              className="nav-link"
              data-rr-ui-event-key={null}
              href="#"
              onClick={[Function]}
              onKeyDown={[Function]}
              role="button"
              tabIndex={0}
            >
              Pricing
            </a>
            <a
              className="nav-link"
              data-rr-ui-event-key={null}
              href="#"
              onClick={[Function]}
              onKeyDown={[Function]}
              role="button"
              tabIndex={0}
            >
              Resources
            </a>
          </div>
          <div
            className="d-lg-none navbar-nav"
            onKeyDown={[Function]}
          >
            <hr />
          </div>
          <div
            className="align-items-center navbar-nav"
            onKeyDown={[Function]}
          >
            <a
              className="nav-link"
              data-rr-ui-event-key={null}
              href="#"
              onClick={[Function]}
              onKeyDown={[Function]}
              role="button"
              tabIndex={0}
            >
              Login
            </a>
            <div
              className="sign-up button"
            >
              <a
                className="text-white nav-link"
                data-rr-ui-event-key={null}
                href="#"
                onClick={[Function]}
                onKeyDown={[Function]}
                role="button"
                tabIndex={0}
              >
                Sign Up
              </a>
            </div>
          </div>
        </div>
      </div>
    </nav>
  </header>,
  <main>
    <section
      className="hero main d-lg-flex flex-row-reverse"
    >
      <img
        alt="brand"
        src="illustration-working.svg"
      />
      <div>
        <h1
          className="title"
        >
          More than just shorter links
        </h1>
        <p
          className="text-color"
        >
          Build your brand's recognition and get detailed insights on how your links are performing.
        </p>
        <button
          className="button"
          type="button"
        >
          Get Started
        </button>
      </div>
    </section>
    <section>
      <form
        onSubmit={[Function]}
      >
        <input
          data-testid="url-input"
          onChange={[Function]}
          onInput={[Function]}
          onInvalid={[Function]}
          placeholder="Shorten a link here..."
          required={true}
          type="url"
        />
        <button
          data-testid="button"
          type="submit"
        >
          Shorten it!
        </button>
      </form>
      
    </section>
    <section>
      <h3>
        Advanced Statistics
      </h3>
      <p>
        Track how your links are performing across the web with our advanced statistics dashboard.
      </p>
      <div>
        <div>
          <img
            alt="Graph icon"
            src="icon-brand-recognition.svg"
          />
          <h4>
            Brand recognition
          </h4>
          <p>
            Boost your brand recognition with each click. Generic links don't mean a thing. Branded links help instill confidence in your content.
          </p>
        </div>
        <div>
          <img
            alt="Records icon"
            src="icon-detailed-records.svg"
          />
          <h4>
            Detailed Records
          </h4>
          <p>
            Gain insights into who is clicking your links. Knowing when and where people engage with your content helps inform better decisions.
          </p>
        </div>
        <div>
          <img
            alt="Pens icon"
            src="icon-fully-customizable.svg"
          />
          <h4>
            Fully Customizable
          </h4>
          <p>
            Improve brand awareness and content discoverability through customizable links, supercharging audience engagement.
          </p>
        </div>
      </div>
    </section>
    <section>
      <h3>
        Boost your links today
      </h3>
      <button
        type="button"
      >
        Get Started
      </button>
    </section>
  </main>,
  <footer>
    <img
      alt="Shortly Logo"
      src="logo.svg"
    />
    <div>
      <h5>
        Features
      </h5>
      <p>
        Link Shortening
      </p>
      <p>
        Branded Links
      </p>
      <p>
        Analytics
      </p>
    </div>
    <div>
      <h5>
        Resources
      </h5>
      <p>
        Blog
      </p>
      <p>
        Developers
      </p>
      <p>
        Support
      </p>
    </div>
    <div>
      <h5>
        Company
      </h5>
      <p>
        About
      </p>
      <p>
        Our Team
      </p>
      <p>
        Careers
      </p>
      <p>
        Contact
      </p>
    </div>
    <div>
      <img
        alt="Facebook icon"
        src="icon-facebook.svg"
      />
      <img
        alt="Twitter icon"
        src="icon-twitter.svg"
      />
      <img
        alt="Pinterest icon"
        src="icon-pinterest.svg"
      />
      <img
        alt="Instagram icon"
        src="icon-instagram.svg"
      />
    </div>
  </footer>,
]
`;
