// Jest Snapshot v1, https://goo.gl/fbAQLP

exports[`Footer component Snapshot test 1`] = `
<footer
  className="footer"
>
  <div
    className="main d-flex flex-column align-items-center flex-lg-row align-items-lg-start"
  >
    <img
      alt="Shortly Logo"
      className="footer-logo"
      src="logo-white.svg"
    />
    <div
      className="d-lg-flex flex-lg-row justify-content-lg-between w-100"
    >
      <div>
        <h6>
          Features
        </h6>
        <p>
          Link Shortening
        </p>
        <p>
          Branded Links
        </p>
        <p>
          Analytics
        </p>
      </div>
      <div>
        <h6>
          Resources
        </h6>
        <p>
          Blog
        </p>
        <p>
          Developers
        </p>
        <p>
          Support
        </p>
      </div>
      <div>
        <h6>
          Company
        </h6>
        <p>
          About
        </p>
        <p>
          Our Team
        </p>
        <p>
          Careers
        </p>
        <p>
          Contact
        </p>
      </div>
      <div
        className="pt-4 pt-lg-0"
      >
        <img
          alt="Facebook icon"
          className="pe-4 footer-icon"
          src="icon-facebook.svg"
        />
        <img
          alt="Twitter icon"
          className="pe-4 footer-icon"
          src="icon-twitter.svg"
        />
        <img
          alt="Pinterest icon"
          className="pe-4 footer-icon"
          src="icon-pinterest.svg"
        />
        <img
          alt="Instagram icon"
          className="footer-icon"
          src="icon-instagram.svg"
        />
      </div>
    </div>
  </div>
</footer>
`;
