// Jest Snapshot v1, https://goo.gl/fbAQLP

exports[`HeroHeader component Snapshot test 1`] = `
<section
  className="hero"
>
  <img
    alt="brand"
    src="illustration-working.svg"
  />
  <div>
    <h1
      className="title"
    >
      More than just shorter links
    </h1>
    <p>
      Build your brand's recognition and get detailed insights on how your links are performing.
    </p>
    <button
      type="button"
    >
      Get Started
    </button>
  </div>
</section>
`;
