// Jest Snapshot v1, https://goo.gl/fbAQLP

exports[`InputUrl component Snapshot test 1`] = `
<section
  className="mid-section"
>
  <div
    className="input-section rounded main"
  >
    <form
      className="row p-0"
      onSubmit={[Function]}
    >
      <div
        className="col-12 col-md-9 pe-md-0"
      >
        <input
          className="mt-2 mb-2 my-md-0 form-control"
          data-testid="url-input"
          onChange={[Function]}
          onInput={[Function]}
          onInvalid={[Function]}
          placeholder="Shorten a link here..."
          required={true}
          type="url"
        />
        
      </div>
      <div
        className="col-12 col-md-3 ps-md-0"
      >
        <button
          className="shorten form-control text-center"
          data-testid="button"
          type="submit"
        >
          Shorten it!
        </button>
      </div>
    </form>
  </div>
</section>
`;
